2026-06-17T15:01:06.356Z [DEBUG  ] Loaded: src.app.constants
2026-06-17T15:01:06.357Z [DEBUG  ] Loaded: src.app.services.cart_service
2026-06-17T15:01:06.357Z [DEBUG  ] Loaded: src.middleware.request_logger
2026-06-17T15:01:06.358Z [DEBUG  ] Loaded: src.orm.cart_item
2026-06-17T15:01:06.360Z [DEBUG  ] Route registered: GET /account (auth=public)
2026-06-17T15:01:06.360Z [DEBUG  ] Route registered: GET /account/orders/{id:int} (auth=public)
2026-06-17T15:01:06.360Z [DEBUG  ] Loaded: src.routes.account
2026-06-17T15:01:06.361Z [DEBUG  ] Route registered: GET /admin/categories (auth=public)
2026-06-17T15:01:06.361Z [DEBUG  ] Route registered: POST /admin/categories (auth=required)
2026-06-17T15:01:06.361Z [DEBUG  ] Loaded: src.routes.admin.categories
2026-06-17T15:01:06.361Z [DEBUG  ] Route registered: GET /admin (auth=public)
2026-06-17T15:01:06.361Z [DEBUG  ] Loaded: src.routes.admin.dashboard
2026-06-17T15:01:06.362Z [DEBUG  ] Route registered: GET /admin/helpdesk (auth=public)
2026-06-17T15:01:06.362Z [DEBUG  ] Loaded: src.routes.admin.helpdesk
2026-06-17T15:01:06.362Z [DEBUG  ] Route registered: GET /admin/orders (auth=public)
2026-06-17T15:01:06.362Z [DEBUG  ] Route registered: GET /admin/orders/{id:int} (auth=public)
2026-06-17T15:01:06.363Z [DEBUG  ] Route registered: POST /admin/orders/{id:int}/status (auth=required)
2026-06-17T15:01:06.363Z [DEBUG  ] Loaded: src.routes.admin.orders
2026-06-17T15:01:06.363Z [DEBUG  ] Route registered: GET /admin/products (auth=public)
2026-06-17T15:01:06.363Z [DEBUG  ] Route registered: POST /admin/products (auth=required)
2026-06-17T15:01:06.363Z [DEBUG  ] Route registered: GET /admin/products/{id:int}/edit (auth=public)
2026-06-17T15:01:06.363Z [DEBUG  ] Route registered: POST /admin/products/{id:int}/edit (auth=required)
2026-06-17T15:01:06.363Z [DEBUG  ] Route registered: POST /admin/products/{id:int}/delete (auth=required)
2026-06-17T15:01:06.364Z [DEBUG  ] Loaded: src.routes.admin.products
2026-06-17T15:01:06.364Z [DEBUG  ] Route registered: GET /api/cart (auth=public)
2026-06-17T15:01:06.364Z [DEBUG  ] Route registered: POST /api/cart (auth=required)
2026-06-17T15:01:06.364Z [DEBUG  ] Route registered: GET /api/cart/count (auth=public)
2026-06-17T15:01:06.364Z [DEBUG  ] Loaded: src.routes.api.cart
2026-06-17T15:01:06.365Z [DEBUG  ] Route registered: GET /api/categories (auth=public)
2026-06-17T15:01:06.365Z [DEBUG  ] Loaded: src.routes.api.categories
2026-06-17T15:01:06.366Z [DEBUG  ] Route registered: GET /api/chat/history (auth=public)
2026-06-17T15:01:06.366Z [DEBUG  ] Loaded: src.routes.api.chat
2026-06-17T15:01:06.366Z [DEBUG  ] Route registered: GET /api/forex/rates (auth=public)
2026-06-17T15:01:06.366Z [DEBUG  ] Route registered: GET /api/forex/convert/{price}/{currency} (auth=public)
2026-06-17T15:01:06.366Z [DEBUG  ] Loaded: src.routes.api.forex
2026-06-17T15:01:06.367Z [DEBUG  ] Route registered: POST /api/graphql (auth=required)
2026-06-17T15:01:06.367Z [DEBUG  ] Loaded: src.routes.api.graphql
2026-06-17T15:01:06.367Z [DEBUG  ] Route registered: GET /api/locale/{lang} (auth=public)
2026-06-17T15:01:06.367Z [DEBUG  ] Loaded: src.routes.api.i18n
2026-06-17T15:01:06.368Z [DEBUG  ] Route registered: GET /api/orders (auth=public)
2026-06-17T15:01:06.368Z [DEBUG  ] Route registered: GET /api/orders/{id:int} (auth=public)
2026-06-17T15:01:06.368Z [DEBUG  ] Loaded: src.routes.api.orders
2026-06-17T15:01:06.369Z [DEBUG  ] Route registered: GET /api/products (auth=public)
2026-06-17T15:01:06.369Z [DEBUG  ] Route registered: GET /api/products/{id:int} (auth=public)
2026-06-17T15:01:06.369Z [DEBUG  ] Loaded: src.routes.api.products
2026-06-17T15:01:06.370Z [DEBUG  ] Route registered: POST /api/upload/product-image (auth=required)
2026-06-17T15:01:06.370Z [DEBUG  ] Loaded: src.routes.api.upload
2026-06-17T15:01:06.372Z [DEBUG  ] WebSocket route registered: /ws/orders
2026-06-17T15:01:06.373Z [DEBUG  ] WebSocket route registered: /ws/chat
2026-06-17T15:01:06.373Z [DEBUG  ] Loaded: src.routes.api.ws
2026-06-17T15:01:06.373Z [DEBUG  ] Route registered: GET /api/soap/orders (auth=public)
2026-06-17T15:01:06.373Z [DEBUG  ] Route registered: POST /api/soap/orders (auth=required)
2026-06-17T15:01:06.373Z [DEBUG  ] Loaded: src.routes.api.wsdl
2026-06-17T15:01:06.374Z [DEBUG  ] Route registered: GET /login (auth=public)
2026-06-17T15:01:06.374Z [DEBUG  ] Route registered: POST /login (auth=required)
2026-06-17T15:01:06.374Z [DEBUG  ] Route registered: GET /register (auth=public)
2026-06-17T15:01:06.374Z [DEBUG  ] Route registered: POST /register (auth=required)
2026-06-17T15:01:06.374Z [DEBUG  ] Route registered: GET /logout (auth=public)
2026-06-17T15:01:06.374Z [DEBUG  ] Loaded: src.routes.auth
2026-06-17T15:01:06.375Z [DEBUG  ] Route registered: GET /cart (auth=public)
2026-06-17T15:01:06.375Z [DEBUG  ] Route registered: POST /cart/add (auth=required)
2026-06-17T15:01:06.375Z [DEBUG  ] Route registered: POST /cart/update (auth=required)
2026-06-17T15:01:06.375Z [DEBUG  ] Route registered: POST /cart/remove (auth=required)
2026-06-17T15:01:06.375Z [DEBUG  ] Loaded: src.routes.cart
2026-06-17T15:01:06.376Z [DEBUG  ] Route registered: GET /checkout (auth=public)
2026-06-17T15:01:06.376Z [DEBUG  ] Route registered: POST /checkout (auth=required)
2026-06-17T15:01:06.376Z [DEBUG  ] Loaded: src.routes.checkout
2026-06-17T15:01:06.377Z [DEBUG  ] Route registered: GET /contact (auth=public)
2026-06-17T15:01:06.377Z [DEBUG  ] Route registered: POST /contact (auth=required)
2026-06-17T15:01:06.377Z [DEBUG  ] Loaded: src.routes.contact
2026-06-17T15:01:06.378Z [DEBUG  ] Route registered: GET / (auth=public)
2026-06-17T15:01:06.378Z [DEBUG  ] Loaded: src.routes.index
2026-06-17T15:01:06.378Z [DEBUG  ] Route registered: GET /products (auth=public)
2026-06-17T15:01:06.378Z [DEBUG  ] Route registered: GET /products/{slug} (auth=public)
2026-06-17T15:01:06.379Z [DEBUG  ] Loaded: src.routes.products
2026-06-17T15:01:06.379Z [INFO   ] Discovered 59 routes
2026-06-17T15:01:06.379Z [INFO   ] Server started http://localhost:7146 (asyncio)
2026-06-17T15:01:06.379Z [INFO   ] Test port: http://localhost:8146 (stable — no hot-reload)
2026-06-17T15:01:06.380Z [INFO   ] Development server: asyncio
2026-06-17T15:01:10.730Z [INFO   ] [29a9bbbe] GET / -> 200 (747.245ms)
2026-06-17T15:01:10.848Z [INFO   ] [8d473872] GET /css/tina4.min.css -> 200 (3.797ms)
2026-06-17T15:01:10.852Z [INFO   ] [c0beecfb] GET /css/store.css -> 200 (0.683ms)
2026-06-17T15:01:10.853Z [INFO   ] [6cb70ee8] GET /js/frond.min.js -> 200 (0.543ms)
2026-06-17T15:01:10.855Z [INFO   ] [95eb5f52] GET /js/tina4js.min.js -> 200 (0.68ms)
2026-06-17T15:01:10.857Z [INFO   ] [2ceaaeb0] GET /js/store.js -> 200 (0.546ms)
2026-06-17T15:01:10.861Z [INFO   ] [11070b57] GET /uploads/placeholder-1.svg -> 200 (1.452ms)
2026-06-17T15:01:10.862Z [INFO   ] [dec787e6] GET /uploads/placeholder-2.svg -> 200 (0.265ms)
2026-06-17T15:01:10.863Z [INFO   ] [e9212103] GET /uploads/placeholder-3.svg -> 200 (0.298ms)
2026-06-17T15:01:10.864Z [INFO   ] [822780fd] GET /uploads/placeholder-4.svg -> 200 (0.193ms)
2026-06-17T15:01:10.865Z [INFO   ] [48541ac8] GET /uploads/placeholder-5.svg -> 200 (0.205ms)
2026-06-17T15:01:11.238Z [INFO   ] [8ebf0a19] GET /api/cart/count -> 200 (1.1ms)
2026-06-17T15:01:11.304Z [INFO   ] [bc689b74] GET /api/forex/rates -> 200 (64.25ms)
2026-06-17T15:01:11.306Z [INFO   ] [15f2052c] GET /api/events/sales -> 200 (0.311ms)
2026-06-17T15:01:11.311Z [INFO   ] [3ec83bef] GET /sw.js -> 404 (3.434ms)
2026-06-17T15:01:45.075Z [INFO   ] [c1afb623] GET /api/products -> 200 (9.099ms)
2026-06-17T15:01:45.091Z [INFO   ] [aa297fa1] GET /api/products/1 -> 200 (0.424ms)
2026-06-17T15:01:45.101Z [INFO   ] [591867e1] GET /api/categories -> 200 (0.354ms)
2026-06-17T15:02:18.281Z [INFO   ] [b74f480d] Shutting down gracefully...
2026-06-17T15:11:53.550Z [DEBUG  ] Loaded: src.app.constants
2026-06-17T15:11:53.550Z [DEBUG  ] Loaded: src.app.services.cart_service
2026-06-17T15:11:53.552Z [DEBUG  ] Loaded: src.middleware.request_logger
2026-06-17T15:11:53.553Z [DEBUG  ] Loaded: src.orm.cart_item
2026-06-17T15:11:53.554Z [DEBUG  ] Route registered: GET /account (auth=public)
2026-06-17T15:11:53.554Z [DEBUG  ] Route registered: GET /account/orders/{id:int} (auth=public)
2026-06-17T15:11:53.554Z [DEBUG  ] Loaded: src.routes.account
2026-06-17T15:11:53.554Z [DEBUG  ] Route registered: GET /admin/categories (auth=public)
2026-06-17T15:11:53.555Z [DEBUG  ] Route registered: POST /admin/categories (auth=required)
2026-06-17T15:11:53.555Z [DEBUG  ] Loaded: src.routes.admin.categories
2026-06-17T15:11:53.555Z [DEBUG  ] Route registered: GET /admin (auth=public)
2026-06-17T15:11:53.555Z [DEBUG  ] Loaded: src.routes.admin.dashboard
2026-06-17T15:11:53.556Z [DEBUG  ] Route registered: GET /admin/helpdesk (auth=public)
2026-06-17T15:11:53.556Z [DEBUG  ] Loaded: src.routes.admin.helpdesk
2026-06-17T15:11:53.556Z [DEBUG  ] Route registered: GET /admin/orders (auth=public)
2026-06-17T15:11:53.556Z [DEBUG  ] Route registered: GET /admin/orders/{id:int} (auth=public)
2026-06-17T15:11:53.556Z [DEBUG  ] Route registered: POST /admin/orders/{id:int}/status (auth=required)
2026-06-17T15:11:53.556Z [DEBUG  ] Loaded: src.routes.admin.orders
2026-06-17T15:11:53.557Z [DEBUG  ] Route registered: GET /admin/products (auth=public)
2026-06-17T15:11:53.557Z [DEBUG  ] Route registered: POST /admin/products (auth=required)
2026-06-17T15:11:53.557Z [DEBUG  ] Route registered: GET /admin/products/{id:int}/edit (auth=public)
2026-06-17T15:11:53.557Z [DEBUG  ] Route registered: POST /admin/products/{id:int}/edit (auth=required)
2026-06-17T15:11:53.557Z [DEBUG  ] Route registered: POST /admin/products/{id:int}/delete (auth=required)
2026-06-17T15:11:53.557Z [DEBUG  ] Loaded: src.routes.admin.products
2026-06-17T15:11:53.557Z [DEBUG  ] Route registered: GET /api/cart (auth=public)
2026-06-17T15:11:53.557Z [DEBUG  ] Route registered: POST /api/cart (auth=required)
2026-06-17T15:11:53.557Z [DEBUG  ] Route registered: GET /api/cart/count (auth=public)
2026-06-17T15:11:53.557Z [DEBUG  ] Loaded: src.routes.api.cart
2026-06-17T15:11:53.558Z [DEBUG  ] Route registered: GET /api/categories (auth=public)
2026-06-17T15:11:53.558Z [DEBUG  ] Loaded: src.routes.api.categories
2026-06-17T15:11:53.558Z [DEBUG  ] Route registered: GET /api/chat/history (auth=public)
2026-06-17T15:11:53.558Z [DEBUG  ] Loaded: src.routes.api.chat
2026-06-17T15:11:53.559Z [DEBUG  ] Route registered: GET /api/forex/rates (auth=public)
2026-06-17T15:11:53.559Z [DEBUG  ] Route registered: GET /api/forex/convert/{price}/{currency} (auth=public)
2026-06-17T15:11:53.559Z [DEBUG  ] Loaded: src.routes.api.forex
2026-06-17T15:11:53.559Z [DEBUG  ] Route registered: POST /api/graphql (auth=required)
2026-06-17T15:11:53.559Z [DEBUG  ] Loaded: src.routes.api.graphql
2026-06-17T15:11:53.560Z [DEBUG  ] Route registered: GET /api/locale/{lang} (auth=public)
2026-06-17T15:11:53.560Z [DEBUG  ] Loaded: src.routes.api.i18n
2026-06-17T15:11:53.560Z [DEBUG  ] Route registered: GET /api/orders (auth=public)
2026-06-17T15:11:53.560Z [DEBUG  ] Route registered: GET /api/orders/{id:int} (auth=public)
2026-06-17T15:11:53.560Z [DEBUG  ] Loaded: src.routes.api.orders
2026-06-17T15:11:53.560Z [DEBUG  ] Route registered: GET /api/products (auth=public)
2026-06-17T15:11:53.561Z [DEBUG  ] Route registered: GET /api/products/{id:int} (auth=public)
2026-06-17T15:11:53.561Z [DEBUG  ] Loaded: src.routes.api.products
2026-06-17T15:11:53.561Z [DEBUG  ] Route registered: POST /api/upload/product-image (auth=required)
2026-06-17T15:11:53.561Z [DEBUG  ] Loaded: src.routes.api.upload
2026-06-17T15:11:53.562Z [DEBUG  ] WebSocket route registered: /ws/orders
2026-06-17T15:11:53.562Z [DEBUG  ] WebSocket route registered: /ws/chat
2026-06-17T15:11:53.562Z [DEBUG  ] Loaded: src.routes.api.ws
2026-06-17T15:11:53.563Z [DEBUG  ] Route registered: GET /api/soap/orders (auth=public)
2026-06-17T15:11:53.563Z [DEBUG  ] Route registered: POST /api/soap/orders (auth=required)
2026-06-17T15:11:53.563Z [DEBUG  ] Loaded: src.routes.api.wsdl
2026-06-17T15:11:53.563Z [DEBUG  ] Route registered: GET /login (auth=public)
2026-06-17T15:11:53.564Z [DEBUG  ] Route registered: POST /login (auth=required)
2026-06-17T15:11:53.564Z [DEBUG  ] Route registered: GET /register (auth=public)
2026-06-17T15:11:53.564Z [DEBUG  ] Route registered: POST /register (auth=required)
2026-06-17T15:11:53.564Z [DEBUG  ] Route registered: GET /logout (auth=public)
2026-06-17T15:11:53.564Z [DEBUG  ] Loaded: src.routes.auth
2026-06-17T15:11:53.564Z [DEBUG  ] Route registered: GET /cart (auth=public)
2026-06-17T15:11:53.565Z [DEBUG  ] Route registered: POST /cart/add (auth=required)
2026-06-17T15:11:53.565Z [DEBUG  ] Route registered: POST /cart/update (auth=required)
2026-06-17T15:11:53.565Z [DEBUG  ] Route registered: POST /cart/remove (auth=required)
2026-06-17T15:11:53.565Z [DEBUG  ] Loaded: src.routes.cart
2026-06-17T15:11:53.566Z [DEBUG  ] Route registered: GET /checkout (auth=public)
2026-06-17T15:11:53.566Z [DEBUG  ] Route registered: POST /checkout (auth=required)
2026-06-17T15:11:53.566Z [DEBUG  ] Loaded: src.routes.checkout
2026-06-17T15:11:53.567Z [DEBUG  ] Route registered: GET /contact (auth=public)
2026-06-17T15:11:53.567Z [DEBUG  ] Route registered: POST /contact (auth=required)
2026-06-17T15:11:53.567Z [DEBUG  ] Loaded: src.routes.contact
2026-06-17T15:11:53.567Z [DEBUG  ] Route registered: GET / (auth=public)
2026-06-17T15:11:53.568Z [DEBUG  ] Loaded: src.routes.index
2026-06-17T15:11:53.568Z [DEBUG  ] Route registered: GET /products (auth=public)
2026-06-17T15:11:53.569Z [DEBUG  ] Route registered: GET /products/{slug} (auth=public)
2026-06-17T15:11:53.569Z [DEBUG  ] Loaded: src.routes.products
2026-06-17T15:11:53.569Z [INFO   ] Discovered 59 routes
2026-06-17T15:11:53.570Z [INFO   ] Server started http://localhost:7176 (asyncio)
2026-06-17T15:11:53.570Z [INFO   ] Test port: http://localhost:8176 (stable — no hot-reload)
2026-06-17T15:11:53.572Z [INFO   ] Development server: asyncio
2026-06-17T15:11:57.532Z [INFO   ] [94e7027d] GET / -> 200 (639.584ms)
2026-06-17T15:11:57.655Z [INFO   ] [c8653e43] GET /css/tina4.min.css -> 200 (2.026ms)
2026-06-17T15:11:57.656Z [INFO   ] [5972121c] GET /css/store.css -> 200 (0.343ms)
2026-06-17T15:11:57.658Z [INFO   ] [3ceba39c] GET /uploads/placeholder-1.svg -> 200 (0.344ms)
2026-06-17T15:11:57.659Z [INFO   ] [bc6f1612] GET /uploads/placeholder-2.svg -> 200 (0.562ms)
2026-06-17T15:11:57.660Z [INFO   ] [8aab7755] GET /js/frond.min.js -> 200 (0.531ms)
2026-06-17T15:11:57.661Z [INFO   ] [7d9155af] GET /js/tina4js.min.js -> 200 (0.253ms)
2026-06-17T15:11:57.662Z [INFO   ] [f69201ee] GET /js/store.js -> 200 (0.569ms)
2026-06-17T15:11:57.685Z [INFO   ] [9d4d51fa] GET /uploads/placeholder-4.svg -> 200 (0.336ms)
2026-06-17T15:11:57.685Z [INFO   ] [05d78bbb] GET /uploads/placeholder-3.svg -> 200 (0.226ms)
2026-06-17T15:11:57.687Z [INFO   ] [bfb13119] GET /uploads/placeholder-5.svg -> 200 (0.324ms)
2026-06-17T15:11:57.992Z [INFO   ] [83abff47] GET /api/cart/count -> 200 (0.619ms)
2026-06-17T15:11:58.074Z [INFO   ] [8fd40dba] GET /api/forex/rates -> 200 (79.526ms)
2026-06-17T15:11:58.076Z [INFO   ] [e64c9c2d] GET /api/events/sales -> 200 (0.313ms)
2026-06-17T15:11:58.077Z [INFO   ] [5bbf69ab] GET /sw.js -> 404 (0.856ms)
2026-06-17T15:11:58.078Z [INFO   ] [5f5614a7] GET /favicon.ico -> 200 (0.35ms)
2026-06-17T15:12:35.706Z [INFO   ] [5a73c8c0] GET / -> 200 (496.42ms)
2026-06-17T15:14:34.984Z [INFO   ] [f13f80a4] Shutting down gracefully...
2026-06-17T15:22:40.268Z [DEBUG  ] Loaded: src.app.constants
2026-06-17T15:22:40.270Z [DEBUG  ] Loaded: src.app.services.cart_service
2026-06-17T15:22:40.271Z [DEBUG  ] Loaded: src.middleware.request_logger
2026-06-17T15:22:40.272Z [DEBUG  ] Loaded: src.orm.cart_item
2026-06-17T15:22:40.276Z [DEBUG  ] Route registered: GET /account (auth=public)
2026-06-17T15:22:40.277Z [DEBUG  ] Route registered: GET /account/orders/{id:int} (auth=public)
2026-06-17T15:22:40.277Z [DEBUG  ] Loaded: src.routes.account
2026-06-17T15:22:40.278Z [DEBUG  ] Route registered: GET /admin/categories (auth=public)
2026-06-17T15:22:40.278Z [DEBUG  ] Route registered: POST /admin/categories (auth=required)
2026-06-17T15:22:40.278Z [DEBUG  ] Loaded: src.routes.admin.categories
2026-06-17T15:22:40.279Z [DEBUG  ] Route registered: GET /admin (auth=public)
2026-06-17T15:22:40.279Z [DEBUG  ] Loaded: src.routes.admin.dashboard
2026-06-17T15:22:40.279Z [DEBUG  ] Route registered: GET /admin/helpdesk (auth=public)
2026-06-17T15:22:40.279Z [DEBUG  ] Loaded: src.routes.admin.helpdesk
2026-06-17T15:22:40.279Z [DEBUG  ] Route registered: GET /admin/orders (auth=public)
2026-06-17T15:22:40.280Z [DEBUG  ] Route registered: GET /admin/orders/{id:int} (auth=public)
2026-06-17T15:22:40.280Z [DEBUG  ] Route registered: POST /admin/orders/{id:int}/status (auth=required)
2026-06-17T15:22:40.280Z [DEBUG  ] Loaded: src.routes.admin.orders
2026-06-17T15:22:40.280Z [DEBUG  ] Route registered: GET /admin/products (auth=public)
2026-06-17T15:22:40.280Z [DEBUG  ] Route registered: POST /admin/products (auth=required)
2026-06-17T15:22:40.280Z [DEBUG  ] Route registered: GET /admin/products/{id:int}/edit (auth=public)
2026-06-17T15:22:40.281Z [DEBUG  ] Route registered: POST /admin/products/{id:int}/edit (auth=required)
2026-06-17T15:22:40.281Z [DEBUG  ] Route registered: POST /admin/products/{id:int}/delete (auth=required)
2026-06-17T15:22:40.281Z [DEBUG  ] Loaded: src.routes.admin.products
2026-06-17T15:22:40.281Z [DEBUG  ] Route registered: GET /api/cart (auth=public)
2026-06-17T15:22:40.281Z [DEBUG  ] Route registered: POST /api/cart (auth=required)
2026-06-17T15:22:40.281Z [DEBUG  ] Route registered: GET /api/cart/count (auth=public)
2026-06-17T15:22:40.282Z [DEBUG  ] Loaded: src.routes.api.cart
2026-06-17T15:22:40.282Z [DEBUG  ] Route registered: GET /api/categories (auth=public)
2026-06-17T15:22:40.282Z [DEBUG  ] Loaded: src.routes.api.categories
2026-06-17T15:22:40.283Z [DEBUG  ] Route registered: GET /api/chat/history (auth=public)
2026-06-17T15:22:40.283Z [DEBUG  ] Loaded: src.routes.api.chat
2026-06-17T15:22:40.283Z [DEBUG  ] Route registered: GET /api/forex/rates (auth=public)
2026-06-17T15:22:40.283Z [DEBUG  ] Route registered: GET /api/forex/convert/{price}/{currency} (auth=public)
2026-06-17T15:22:40.283Z [DEBUG  ] Loaded: src.routes.api.forex
2026-06-17T15:22:40.285Z [DEBUG  ] Route registered: POST /api/graphql (auth=required)
2026-06-17T15:22:40.285Z [DEBUG  ] Loaded: src.routes.api.graphql
2026-06-17T15:22:40.285Z [DEBUG  ] Route registered: GET /api/locale/{lang} (auth=public)
2026-06-17T15:22:40.285Z [DEBUG  ] Loaded: src.routes.api.i18n
2026-06-17T15:22:40.286Z [DEBUG  ] Route registered: GET /api/orders (auth=public)
2026-06-17T15:22:40.286Z [DEBUG  ] Route registered: GET /api/orders/{id:int} (auth=public)
2026-06-17T15:22:40.286Z [DEBUG  ] Loaded: src.routes.api.orders
2026-06-17T15:22:40.287Z [DEBUG  ] Route registered: GET /api/products (auth=public)
2026-06-17T15:22:40.287Z [DEBUG  ] Route registered: GET /api/products/{id:int} (auth=public)
2026-06-17T15:22:40.287Z [DEBUG  ] Loaded: src.routes.api.products
2026-06-17T15:22:40.288Z [DEBUG  ] Route registered: POST /api/upload/product-image (auth=required)
2026-06-17T15:22:40.288Z [DEBUG  ] Loaded: src.routes.api.upload
2026-06-17T15:22:40.289Z [DEBUG  ] WebSocket route registered: /ws/orders
2026-06-17T15:22:40.289Z [DEBUG  ] WebSocket route registered: /ws/chat
2026-06-17T15:22:40.289Z [DEBUG  ] Loaded: src.routes.api.ws
2026-06-17T15:22:40.290Z [DEBUG  ] Route registered: GET /api/soap/orders (auth=public)
2026-06-17T15:22:40.290Z [DEBUG  ] Route registered: POST /api/soap/orders (auth=required)
2026-06-17T15:22:40.290Z [DEBUG  ] Loaded: src.routes.api.wsdl
2026-06-17T15:22:40.290Z [DEBUG  ] Route registered: GET /login (auth=public)
2026-06-17T15:22:40.290Z [DEBUG  ] Route registered: POST /login (auth=required)
2026-06-17T15:22:40.290Z [DEBUG  ] Route registered: GET /register (auth=public)
2026-06-17T15:22:40.290Z [DEBUG  ] Route registered: POST /register (auth=required)
2026-06-17T15:22:40.290Z [DEBUG  ] Route registered: GET /logout (auth=public)
2026-06-17T15:22:40.291Z [DEBUG  ] Loaded: src.routes.auth
2026-06-17T15:22:40.292Z [DEBUG  ] Route registered: GET /cart (auth=public)
2026-06-17T15:22:40.292Z [DEBUG  ] Route registered: POST /cart/add (auth=required)
2026-06-17T15:22:40.292Z [DEBUG  ] Route registered: POST /cart/update (auth=required)
2026-06-17T15:22:40.293Z [DEBUG  ] Route registered: POST /cart/remove (auth=required)
2026-06-17T15:22:40.293Z [DEBUG  ] Loaded: src.routes.cart
2026-06-17T15:22:40.294Z [DEBUG  ] Route registered: GET /checkout (auth=public)
2026-06-17T15:22:40.294Z [DEBUG  ] Route registered: POST /checkout (auth=required)
2026-06-17T15:22:40.295Z [DEBUG  ] Loaded: src.routes.checkout
2026-06-17T15:22:40.297Z [DEBUG  ] Route registered: GET /contact (auth=public)
2026-06-17T15:22:40.298Z [DEBUG  ] Route registered: POST /contact (auth=required)
2026-06-17T15:22:40.298Z [DEBUG  ] Loaded: src.routes.contact
2026-06-17T15:22:40.299Z [DEBUG  ] Route registered: GET / (auth=public)
2026-06-17T15:22:40.299Z [DEBUG  ] Loaded: src.routes.index
2026-06-17T15:22:40.299Z [DEBUG  ] Route registered: GET /products (auth=public)
2026-06-17T15:22:40.299Z [DEBUG  ] Route registered: GET /products/{slug} (auth=public)
2026-06-17T15:22:40.300Z [DEBUG  ] Loaded: src.routes.products
2026-06-17T15:22:40.300Z [INFO   ] Discovered 59 routes
2026-06-17T15:22:40.301Z [INFO   ] Server started http://localhost:7146 (asyncio)
2026-06-17T15:22:40.301Z [INFO   ] Test port: http://localhost:8146 (stable — no hot-reload)
2026-06-17T15:22:40.306Z [INFO   ] Development server: asyncio
2026-06-17T15:22:45.426Z [INFO   ] [f8229b06] GET / -> 200 (1644.564ms)
2026-06-17T15:22:47.167Z [INFO   ] [43578a48] GET / -> 200 (1731.983ms)
2026-06-17T15:22:47.178Z [INFO   ] [fb465b07] GET /css/tina4.min.css -> 200 (8.359ms)
2026-06-17T15:22:47.181Z [INFO   ] [0e75c77c] GET /css/store.css -> 200 (0.988ms)
2026-06-17T15:22:47.182Z [INFO   ] [0a73ef2a] GET /uploads/placeholder-1.svg -> 200 (0.422ms)
2026-06-17T15:22:47.183Z [INFO   ] [a87d5cde] GET /uploads/placeholder-2.svg -> 200 (0.284ms)
2026-06-17T15:22:47.184Z [INFO   ] [99dbd8c5] GET /uploads/placeholder-4.svg -> 200 (0.885ms)
2026-06-17T15:22:47.186Z [INFO   ] [445afadb] GET /uploads/placeholder-3.svg -> 200 (0.493ms)
2026-06-17T15:22:47.206Z [INFO   ] [3685f247] GET /js/tina4js.min.js -> 200 (1.078ms)
2026-06-17T15:22:47.210Z [INFO   ] [9ca47117] GET /js/store.js -> 200 (0.887ms)
2026-06-17T15:22:47.213Z [INFO   ] [f28519f4] GET /js/frond.min.js -> 200 (1.497ms)
2026-06-17T15:22:47.214Z [INFO   ] [c7a1a8c8] GET /uploads/placeholder-5.svg -> 200 (0.388ms)
2026-06-17T15:22:50.476Z [INFO   ] [bde2cb5e] GET / -> 200 (3257.863ms)
2026-06-17T15:22:50.481Z [INFO   ] [32559a41] GET /api/cart/count -> 200 (0.711ms)
2026-06-17T17:33:52.890Z [DEBUG  ] Loaded: src.app.constants
2026-06-17T17:33:52.891Z [DEBUG  ] Loaded: src.app.services.cart_service
2026-06-17T17:33:52.891Z [DEBUG  ] Loaded: src.middleware.request_logger
2026-06-17T17:33:52.892Z [DEBUG  ] Loaded: src.orm.cart_item
2026-06-17T17:33:52.893Z [DEBUG  ] Route registered: GET /account (auth=public)
2026-06-17T17:33:52.894Z [DEBUG  ] Route registered: GET /account/orders/{id:int} (auth=public)
2026-06-17T17:33:52.894Z [DEBUG  ] Loaded: src.routes.account
2026-06-17T17:33:52.894Z [DEBUG  ] Route registered: GET /admin/categories (auth=public)
2026-06-17T17:33:52.894Z [DEBUG  ] Route registered: POST /admin/categories (auth=required)
2026-06-17T17:33:52.894Z [DEBUG  ] Loaded: src.routes.admin.categories
2026-06-17T17:33:52.895Z [DEBUG  ] Route registered: GET /admin (auth=public)
2026-06-17T17:33:52.895Z [DEBUG  ] Loaded: src.routes.admin.dashboard
2026-06-17T17:33:52.895Z [DEBUG  ] Route registered: GET /admin/helpdesk (auth=public)
2026-06-17T17:33:52.895Z [DEBUG  ] Loaded: src.routes.admin.helpdesk
2026-06-17T17:33:52.895Z [DEBUG  ] Route registered: GET /admin/orders (auth=public)
2026-06-17T17:33:52.895Z [DEBUG  ] Route registered: GET /admin/orders/{id:int} (auth=public)
2026-06-17T17:33:52.895Z [DEBUG  ] Route registered: POST /admin/orders/{id:int}/status (auth=required)
2026-06-17T17:33:52.895Z [DEBUG  ] Loaded: src.routes.admin.orders
2026-06-17T17:33:52.896Z [DEBUG  ] Route registered: GET /admin/products (auth=public)
2026-06-17T17:33:52.897Z [DEBUG  ] Route registered: POST /admin/products (auth=required)
2026-06-17T17:33:52.897Z [DEBUG  ] Route registered: GET /admin/products/{id:int}/edit (auth=public)
2026-06-17T17:33:52.897Z [DEBUG  ] Route registered: POST /admin/products/{id:int}/edit (auth=required)
2026-06-17T17:33:52.897Z [DEBUG  ] Route registered: POST /admin/products/{id:int}/delete (auth=required)
2026-06-17T17:33:52.897Z [DEBUG  ] Loaded: src.routes.admin.products
2026-06-17T17:33:52.897Z [DEBUG  ] Route registered: GET /api/cart (auth=public)
2026-06-17T17:33:52.897Z [DEBUG  ] Route registered: POST /api/cart (auth=required)
2026-06-17T17:33:52.897Z [DEBUG  ] Route registered: GET /api/cart/count (auth=public)
2026-06-17T17:33:52.897Z [DEBUG  ] Loaded: src.routes.api.cart
2026-06-17T17:33:52.899Z [DEBUG  ] Route registered: GET /api/categories (auth=public)
2026-06-17T17:33:52.899Z [DEBUG  ] Loaded: src.routes.api.categories
2026-06-17T17:33:52.899Z [DEBUG  ] Route registered: GET /api/chat/history (auth=public)
2026-06-17T17:33:52.899Z [DEBUG  ] Loaded: src.routes.api.chat
2026-06-17T17:33:52.899Z [DEBUG  ] Route registered: GET /api/forex/rates (auth=public)
2026-06-17T17:33:52.900Z [DEBUG  ] Route registered: GET /api/forex/convert/{price}/{currency} (auth=public)
2026-06-17T17:33:52.900Z [DEBUG  ] Loaded: src.routes.api.forex
2026-06-17T17:33:52.900Z [DEBUG  ] Route registered: POST /api/graphql (auth=required)
2026-06-17T17:33:52.900Z [DEBUG  ] Loaded: src.routes.api.graphql
2026-06-17T17:33:52.900Z [DEBUG  ] Route registered: GET /api/locale/{lang} (auth=public)
2026-06-17T17:33:52.900Z [DEBUG  ] Loaded: src.routes.api.i18n
2026-06-17T17:33:52.900Z [DEBUG  ] Route registered: GET /api/orders (auth=public)
2026-06-17T17:33:52.900Z [DEBUG  ] Route registered: GET /api/orders/{id:int} (auth=public)
2026-06-17T17:33:52.900Z [DEBUG  ] Loaded: src.routes.api.orders
2026-06-17T17:33:52.901Z [DEBUG  ] Route registered: GET /api/products (auth=public)
2026-06-17T17:33:52.901Z [DEBUG  ] Route registered: GET /api/products/{id:int} (auth=public)
2026-06-17T17:33:52.901Z [DEBUG  ] Loaded: src.routes.api.products
2026-06-17T17:33:52.901Z [DEBUG  ] Route registered: POST /api/upload/product-image (auth=required)
2026-06-17T17:33:52.901Z [DEBUG  ] Loaded: src.routes.api.upload
2026-06-17T17:33:52.901Z [DEBUG  ] WebSocket route registered: /ws/orders
2026-06-17T17:33:52.901Z [DEBUG  ] WebSocket route registered: /ws/chat
2026-06-17T17:33:52.902Z [DEBUG  ] Loaded: src.routes.api.ws
2026-06-17T17:33:52.902Z [DEBUG  ] Route registered: GET /api/soap/orders (auth=public)
2026-06-17T17:33:52.902Z [DEBUG  ] Route registered: POST /api/soap/orders (auth=required)
2026-06-17T17:33:52.902Z [DEBUG  ] Loaded: src.routes.api.wsdl
2026-06-17T17:33:52.902Z [DEBUG  ] Route registered: GET /login (auth=public)
2026-06-17T17:33:52.903Z [DEBUG  ] Route registered: POST /login (auth=required)
2026-06-17T17:33:52.903Z [DEBUG  ] Route registered: GET /register (auth=public)
2026-06-17T17:33:52.903Z [DEBUG  ] Route registered: POST /register (auth=required)
2026-06-17T17:33:52.903Z [DEBUG  ] Route registered: GET /logout (auth=public)
2026-06-17T17:33:52.903Z [DEBUG  ] Loaded: src.routes.auth
2026-06-17T17:33:52.903Z [DEBUG  ] Route registered: GET /cart (auth=public)
2026-06-17T17:33:52.903Z [DEBUG  ] Route registered: POST /cart/add (auth=required)
2026-06-17T17:33:52.903Z [DEBUG  ] Route registered: POST /cart/update (auth=required)
2026-06-17T17:33:52.903Z [DEBUG  ] Route registered: POST /cart/remove (auth=required)
2026-06-17T17:33:52.903Z [DEBUG  ] Loaded: src.routes.cart
2026-06-17T17:33:52.904Z [DEBUG  ] Route registered: GET /checkout (auth=public)
2026-06-17T17:33:52.904Z [DEBUG  ] Route registered: POST /checkout (auth=required)
2026-06-17T17:33:52.904Z [DEBUG  ] Loaded: src.routes.checkout
2026-06-17T17:33:52.905Z [DEBUG  ] Route registered: GET /contact (auth=public)
2026-06-17T17:33:52.905Z [DEBUG  ] Route registered: POST /contact (auth=required)
2026-06-17T17:33:52.905Z [DEBUG  ] Loaded: src.routes.contact
2026-06-17T17:33:52.905Z [DEBUG  ] Route registered: GET / (auth=public)
2026-06-17T17:33:52.905Z [DEBUG  ] Loaded: src.routes.index
2026-06-17T17:33:52.906Z [DEBUG  ] Route registered: GET /products (auth=public)
2026-06-17T17:33:52.906Z [DEBUG  ] Route registered: GET /products/{slug} (auth=public)
2026-06-17T17:33:52.906Z [DEBUG  ] Loaded: src.routes.products
2026-06-17T17:33:52.906Z [INFO   ] Discovered 59 routes
2026-06-17T17:33:52.906Z [INFO   ] Server started http://localhost:7146 (asyncio)
2026-06-17T17:33:52.906Z [INFO   ] Test port: http://localhost:8146 (stable — no hot-reload)
2026-06-17T17:33:52.907Z [INFO   ] Development server: asyncio
2026-06-17T17:34:05.047Z [INFO   ] [ec88a38c] GET / -> 200 (7098.778ms)
2026-06-17T17:34:05.075Z [INFO   ] [4b29e4cd] Shutting down gracefully...
2026-06-17T17:34:05.075Z [INFO   ] [4b29e4cd] Server stopped.
2026-06-17T17:35:12.631Z [DEBUG  ] Loaded: src.app.constants
2026-06-17T17:35:12.632Z [DEBUG  ] Loaded: src.app.services.cart_service
2026-06-17T17:35:12.633Z [DEBUG  ] Loaded: src.middleware.request_logger
2026-06-17T17:35:12.633Z [DEBUG  ] Loaded: src.orm.cart_item
2026-06-17T17:35:12.634Z [DEBUG  ] Route registered: GET /account (auth=public)
2026-06-17T17:35:12.634Z [DEBUG  ] Route registered: GET /account/orders/{id:int} (auth=public)
2026-06-17T17:35:12.634Z [DEBUG  ] Loaded: src.routes.account
2026-06-17T17:35:12.634Z [DEBUG  ] Route registered: GET /admin/categories (auth=public)
2026-06-17T17:35:12.634Z [DEBUG  ] Route registered: POST /admin/categories (auth=required)
2026-06-17T17:35:12.634Z [DEBUG  ] Loaded: src.routes.admin.categories
2026-06-17T17:35:12.634Z [DEBUG  ] Route registered: GET /admin (auth=public)
2026-06-17T17:35:12.634Z [DEBUG  ] Loaded: src.routes.admin.dashboard
2026-06-17T17:35:12.635Z [DEBUG  ] Route registered: GET /admin/helpdesk (auth=public)
2026-06-17T17:35:12.635Z [DEBUG  ] Loaded: src.routes.admin.helpdesk
2026-06-17T17:35:12.635Z [DEBUG  ] Route registered: GET /admin/orders (auth=public)
2026-06-17T17:35:12.635Z [DEBUG  ] Route registered: GET /admin/orders/{id:int} (auth=public)
2026-06-17T17:35:12.635Z [DEBUG  ] Route registered: POST /admin/orders/{id:int}/status (auth=required)
2026-06-17T17:35:12.635Z [DEBUG  ] Loaded: src.routes.admin.orders
2026-06-17T17:35:12.635Z [DEBUG  ] Route registered: GET /admin/products (auth=public)
2026-06-17T17:35:12.636Z [DEBUG  ] Route registered: POST /admin/products (auth=required)
2026-06-17T17:35:12.636Z [DEBUG  ] Route registered: GET /admin/products/{id:int}/edit (auth=public)
2026-06-17T17:35:12.636Z [DEBUG  ] Route registered: POST /admin/products/{id:int}/edit (auth=required)
2026-06-17T17:35:12.636Z [DEBUG  ] Route registered: POST /admin/products/{id:int}/delete (auth=required)
2026-06-17T17:35:12.636Z [DEBUG  ] Loaded: src.routes.admin.products
2026-06-17T17:35:12.636Z [DEBUG  ] Route registered: GET /api/cart (auth=public)
2026-06-17T17:35:12.636Z [DEBUG  ] Route registered: POST /api/cart (auth=required)
2026-06-17T17:35:12.636Z [DEBUG  ] Route registered: GET /api/cart/count (auth=public)
2026-06-17T17:35:12.636Z [DEBUG  ] Loaded: src.routes.api.cart
2026-06-17T17:35:12.638Z [DEBUG  ] Route registered: GET /api/categories (auth=public)
2026-06-17T17:35:12.639Z [DEBUG  ] Loaded: src.routes.api.categories
2026-06-17T17:35:12.639Z [DEBUG  ] Route registered: GET /api/chat/history (auth=public)
2026-06-17T17:35:12.639Z [DEBUG  ] Loaded: src.routes.api.chat
2026-06-17T17:35:12.639Z [DEBUG  ] Route registered: GET /api/forex/rates (auth=public)
2026-06-17T17:35:12.639Z [DEBUG  ] Route registered: GET /api/forex/convert/{price}/{currency} (auth=public)
2026-06-17T17:35:12.639Z [DEBUG  ] Loaded: src.routes.api.forex
2026-06-17T17:35:12.639Z [DEBUG  ] Route registered: POST /api/graphql (auth=required)
2026-06-17T17:35:12.639Z [DEBUG  ] Loaded: src.routes.api.graphql
2026-06-17T17:35:12.640Z [DEBUG  ] Route registered: GET /api/locale/{lang} (auth=public)
2026-06-17T17:35:12.640Z [DEBUG  ] Loaded: src.routes.api.i18n
2026-06-17T17:35:12.640Z [DEBUG  ] Route registered: GET /api/orders (auth=public)
2026-06-17T17:35:12.640Z [DEBUG  ] Route registered: GET /api/orders/{id:int} (auth=public)
2026-06-17T17:35:12.640Z [DEBUG  ] Loaded: src.routes.api.orders
2026-06-17T17:35:12.640Z [DEBUG  ] Route registered: GET /api/products (auth=public)
2026-06-17T17:35:12.640Z [DEBUG  ] Route registered: GET /api/products/{id:int} (auth=public)
2026-06-17T17:35:12.640Z [DEBUG  ] Loaded: src.routes.api.products
2026-06-17T17:35:12.640Z [DEBUG  ] Route registered: POST /api/upload/product-image (auth=required)
2026-06-17T17:35:12.641Z [DEBUG  ] Loaded: src.routes.api.upload
2026-06-17T17:35:12.641Z [DEBUG  ] WebSocket route registered: /ws/orders
2026-06-17T17:35:12.641Z [DEBUG  ] WebSocket route registered: /ws/chat
2026-06-17T17:35:12.641Z [DEBUG  ] Loaded: src.routes.api.ws
2026-06-17T17:35:12.641Z [DEBUG  ] Route registered: GET /api/soap/orders (auth=public)
2026-06-17T17:35:12.641Z [DEBUG  ] Route registered: POST /api/soap/orders (auth=required)
2026-06-17T17:35:12.641Z [DEBUG  ] Loaded: src.routes.api.wsdl
2026-06-17T17:35:12.641Z [DEBUG  ] Route registered: GET /login (auth=public)
2026-06-17T17:35:12.641Z [DEBUG  ] Route registered: POST /login (auth=required)
2026-06-17T17:35:12.642Z [DEBUG  ] Route registered: GET /register (auth=public)
2026-06-17T17:35:12.642Z [DEBUG  ] Route registered: POST /register (auth=required)
2026-06-17T17:35:12.642Z [DEBUG  ] Route registered: GET /logout (auth=public)
2026-06-17T17:35:12.642Z [DEBUG  ] Loaded: src.routes.auth
2026-06-17T17:35:12.642Z [DEBUG  ] Route registered: GET /cart (auth=public)
2026-06-17T17:35:12.642Z [DEBUG  ] Route registered: POST /cart/add (auth=required)
2026-06-17T17:35:12.642Z [DEBUG  ] Route registered: POST /cart/update (auth=required)
2026-06-17T17:35:12.642Z [DEBUG  ] Route registered: POST /cart/remove (auth=required)
2026-06-17T17:35:12.642Z [DEBUG  ] Loaded: src.routes.cart
2026-06-17T17:35:12.642Z [DEBUG  ] Route registered: GET /checkout (auth=public)
2026-06-17T17:35:12.642Z [DEBUG  ] Route registered: POST /checkout (auth=required)
2026-06-17T17:35:12.642Z [DEBUG  ] Loaded: src.routes.checkout
2026-06-17T17:35:12.643Z [DEBUG  ] Route registered: GET /contact (auth=public)
2026-06-17T17:35:12.643Z [DEBUG  ] Route registered: POST /contact (auth=required)
2026-06-17T17:35:12.643Z [DEBUG  ] Loaded: src.routes.contact
2026-06-17T17:35:12.643Z [DEBUG  ] Route registered: GET / (auth=public)
2026-06-17T17:35:12.643Z [DEBUG  ] Loaded: src.routes.index
2026-06-17T17:35:12.643Z [DEBUG  ] Route registered: GET /products (auth=public)
2026-06-17T17:35:12.644Z [DEBUG  ] Route registered: GET /products/{slug} (auth=public)
2026-06-17T17:35:12.644Z [DEBUG  ] Loaded: src.routes.products
2026-06-17T17:35:12.644Z [INFO   ] Discovered 59 routes
2026-06-17T17:35:12.644Z [INFO   ] Server started http://localhost:7146 (asyncio)
2026-06-17T17:35:12.644Z [INFO   ] Test port: http://localhost:8146 (stable — no hot-reload)
2026-06-17T17:35:12.645Z [INFO   ] Development server: asyncio
2026-06-17T17:35:23.090Z [INFO   ] [d74c36e5] GET / -> 200 (7345.954ms)
2026-06-17T17:35:23.142Z [INFO   ] [16e044f2] Shutting down gracefully...
2026-06-17T17:35:23.143Z [INFO   ] [16e044f2] Server stopped.
2026-06-17T17:43:09.398Z [DEBUG  ] Loaded: src.app.constants
2026-06-17T17:43:09.399Z [DEBUG  ] Loaded: src.app.services.cart_service
2026-06-17T17:43:09.399Z [DEBUG  ] Loaded: src.middleware.request_logger
2026-06-17T17:43:09.400Z [DEBUG  ] Loaded: src.orm.cart_item
2026-06-17T17:43:09.401Z [DEBUG  ] Route registered: GET /account (auth=public)
2026-06-17T17:43:09.401Z [DEBUG  ] Route registered: GET /account/orders/{id:int} (auth=public)
2026-06-17T17:43:09.401Z [DEBUG  ] Loaded: src.routes.account
2026-06-17T17:43:09.401Z [DEBUG  ] Route registered: GET /admin/categories (auth=public)
2026-06-17T17:43:09.401Z [DEBUG  ] Route registered: POST /admin/categories (auth=required)
2026-06-17T17:43:09.401Z [DEBUG  ] Loaded: src.routes.admin.categories
2026-06-17T17:43:09.401Z [DEBUG  ] Route registered: GET /admin (auth=public)
2026-06-17T17:43:09.401Z [DEBUG  ] Loaded: src.routes.admin.dashboard
2026-06-17T17:43:09.401Z [DEBUG  ] Route registered: GET /admin/helpdesk (auth=public)
2026-06-17T17:43:09.401Z [DEBUG  ] Loaded: src.routes.admin.helpdesk
2026-06-17T17:43:09.402Z [DEBUG  ] Route registered: GET /admin/orders (auth=public)
2026-06-17T17:43:09.402Z [DEBUG  ] Route registered: GET /admin/orders/{id:int} (auth=public)
2026-06-17T17:43:09.402Z [DEBUG  ] Route registered: POST /admin/orders/{id:int}/status (auth=required)
2026-06-17T17:43:09.402Z [DEBUG  ] Loaded: src.routes.admin.orders
2026-06-17T17:43:09.402Z [DEBUG  ] Route registered: GET /admin/products (auth=public)
2026-06-17T17:43:09.402Z [DEBUG  ] Route registered: POST /admin/products (auth=required)
2026-06-17T17:43:09.402Z [DEBUG  ] Route registered: GET /admin/products/{id:int}/edit (auth=public)
2026-06-17T17:43:09.402Z [DEBUG  ] Route registered: POST /admin/products/{id:int}/edit (auth=required)
2026-06-17T17:43:09.402Z [DEBUG  ] Route registered: POST /admin/products/{id:int}/delete (auth=required)
2026-06-17T17:43:09.402Z [DEBUG  ] Loaded: src.routes.admin.products
2026-06-17T17:43:09.403Z [DEBUG  ] Route registered: GET /api/cart (auth=public)
2026-06-17T17:43:09.403Z [DEBUG  ] Route registered: POST /api/cart (auth=required)
2026-06-17T17:43:09.403Z [DEBUG  ] Route registered: GET /api/cart/count (auth=public)
2026-06-17T17:43:09.403Z [DEBUG  ] Loaded: src.routes.api.cart
2026-06-17T17:43:09.405Z [DEBUG  ] Route registered: GET /api/categories (auth=public)
2026-06-17T17:43:09.405Z [DEBUG  ] Loaded: src.routes.api.categories
2026-06-17T17:43:09.405Z [DEBUG  ] Route registered: GET /api/chat/history (auth=public)
2026-06-17T17:43:09.405Z [DEBUG  ] Loaded: src.routes.api.chat
2026-06-17T17:43:09.405Z [DEBUG  ] Route registered: GET /api/forex/rates (auth=public)
2026-06-17T17:43:09.405Z [DEBUG  ] Route registered: GET /api/forex/convert/{price}/{currency} (auth=public)
2026-06-17T17:43:09.405Z [DEBUG  ] Loaded: src.routes.api.forex
2026-06-17T17:43:09.405Z [DEBUG  ] Route registered: POST /api/graphql (auth=required)
2026-06-17T17:43:09.405Z [DEBUG  ] Loaded: src.routes.api.graphql
2026-06-17T17:43:09.406Z [DEBUG  ] Route registered: GET /api/locale/{lang} (auth=public)
2026-06-17T17:43:09.406Z [DEBUG  ] Loaded: src.routes.api.i18n
2026-06-17T17:43:09.406Z [DEBUG  ] Route registered: GET /api/orders (auth=public)
2026-06-17T17:43:09.406Z [DEBUG  ] Route registered: GET /api/orders/{id:int} (auth=public)
2026-06-17T17:43:09.406Z [DEBUG  ] Loaded: src.routes.api.orders
2026-06-17T17:43:09.406Z [DEBUG  ] Route registered: GET /api/products (auth=public)
2026-06-17T17:43:09.406Z [DEBUG  ] Route registered: GET /api/products/{id:int} (auth=public)
2026-06-17T17:43:09.406Z [DEBUG  ] Loaded: src.routes.api.products
2026-06-17T17:43:09.407Z [DEBUG  ] Route registered: POST /api/upload/product-image (auth=required)
2026-06-17T17:43:09.407Z [DEBUG  ] Loaded: src.routes.api.upload
2026-06-17T17:43:09.407Z [DEBUG  ] WebSocket route registered: /ws/orders
2026-06-17T17:43:09.407Z [DEBUG  ] WebSocket route registered: /ws/chat
2026-06-17T17:43:09.407Z [DEBUG  ] Loaded: src.routes.api.ws
2026-06-17T17:43:09.407Z [DEBUG  ] Route registered: GET /api/soap/orders (auth=public)
2026-06-17T17:43:09.407Z [DEBUG  ] Route registered: POST /api/soap/orders (auth=required)
2026-06-17T17:43:09.407Z [DEBUG  ] Loaded: src.routes.api.wsdl
2026-06-17T17:43:09.408Z [DEBUG  ] Route registered: GET /login (auth=public)
2026-06-17T17:43:09.408Z [DEBUG  ] Route registered: POST /login (auth=required)
2026-06-17T17:43:09.408Z [DEBUG  ] Route registered: GET /register (auth=public)
2026-06-17T17:43:09.408Z [DEBUG  ] Route registered: POST /register (auth=required)
2026-06-17T17:43:09.408Z [DEBUG  ] Route registered: GET /logout (auth=public)
2026-06-17T17:43:09.408Z [DEBUG  ] Loaded: src.routes.auth
2026-06-17T17:43:09.408Z [DEBUG  ] Route registered: GET /cart (auth=public)
2026-06-17T17:43:09.408Z [DEBUG  ] Route registered: POST /cart/add (auth=required)
2026-06-17T17:43:09.409Z [DEBUG  ] Route registered: POST /cart/update (auth=required)
2026-06-17T17:43:09.409Z [DEBUG  ] Route registered: POST /cart/remove (auth=required)
2026-06-17T17:43:09.409Z [DEBUG  ] Loaded: src.routes.cart
2026-06-17T17:43:09.409Z [DEBUG  ] Route registered: GET /checkout (auth=public)
2026-06-17T17:43:09.409Z [DEBUG  ] Route registered: POST /checkout (auth=required)
2026-06-17T17:43:09.409Z [DEBUG  ] Loaded: src.routes.checkout
2026-06-17T17:43:09.410Z [DEBUG  ] Route registered: GET /contact (auth=public)
2026-06-17T17:43:09.410Z [DEBUG  ] Route registered: POST /contact (auth=required)
2026-06-17T17:43:09.410Z [DEBUG  ] Loaded: src.routes.contact
2026-06-17T17:43:09.410Z [DEBUG  ] Route registered: GET / (auth=public)
2026-06-17T17:43:09.410Z [DEBUG  ] Loaded: src.routes.index
2026-06-17T17:43:09.410Z [DEBUG  ] Route registered: GET /products (auth=public)
2026-06-17T17:43:09.410Z [DEBUG  ] Route registered: GET /products/{slug} (auth=public)
2026-06-17T17:43:09.410Z [DEBUG  ] Loaded: src.routes.products
2026-06-17T17:43:09.410Z [INFO   ] Discovered 59 routes
2026-06-17T17:43:09.410Z [INFO   ] Server started http://localhost:7146 (asyncio)
2026-06-17T17:43:09.410Z [INFO   ] Test port: http://localhost:8146 (stable — no hot-reload)
2026-06-17T17:43:09.411Z [INFO   ] Development server: asyncio
2026-06-17T17:43:20.062Z [INFO   ] [498599c1] GET / -> 200 (7634.664ms)
2026-06-17T17:43:20.375Z [INFO   ] [27ed8cce] Shutting down gracefully...
2026-06-17T17:43:20.377Z [INFO   ] [27ed8cce] Server stopped.
2026-06-17T17:48:42.243Z [DEBUG  ] Loaded: src.app.constants
2026-06-17T17:48:42.244Z [DEBUG  ] Loaded: src.app.services.cart_service
2026-06-17T17:48:42.244Z [DEBUG  ] Loaded: src.middleware.request_logger
2026-06-17T17:48:42.244Z [DEBUG  ] Loaded: src.orm.cart_item
2026-06-17T17:48:42.245Z [DEBUG  ] Route registered: GET /account (auth=public)
2026-06-17T17:48:42.245Z [DEBUG  ] Route registered: GET /account/orders/{id:int} (auth=public)
2026-06-17T17:48:42.245Z [DEBUG  ] Loaded: src.routes.account
2026-06-17T17:48:42.246Z [DEBUG  ] Route registered: GET /admin/categories (auth=public)
2026-06-17T17:48:42.246Z [DEBUG  ] Route registered: POST /admin/categories (auth=required)
2026-06-17T17:48:42.246Z [DEBUG  ] Loaded: src.routes.admin.categories
2026-06-17T17:48:42.246Z [DEBUG  ] Route registered: GET /admin (auth=public)
2026-06-17T17:48:42.246Z [DEBUG  ] Loaded: src.routes.admin.dashboard
2026-06-17T17:48:42.246Z [DEBUG  ] Route registered: GET /admin/helpdesk (auth=public)
2026-06-17T17:48:42.246Z [DEBUG  ] Loaded: src.routes.admin.helpdesk
2026-06-17T17:48:42.246Z [DEBUG  ] Route registered: GET /admin/orders (auth=public)
2026-06-17T17:48:42.247Z [DEBUG  ] Route registered: GET /admin/orders/{id:int} (auth=public)
2026-06-17T17:48:42.247Z [DEBUG  ] Route registered: POST /admin/orders/{id:int}/status (auth=required)
2026-06-17T17:48:42.247Z [DEBUG  ] Loaded: src.routes.admin.orders
2026-06-17T17:48:42.247Z [DEBUG  ] Route registered: GET /admin/products (auth=public)
2026-06-17T17:48:42.247Z [DEBUG  ] Route registered: POST /admin/products (auth=required)
2026-06-17T17:48:42.247Z [DEBUG  ] Route registered: GET /admin/products/{id:int}/edit (auth=public)
2026-06-17T17:48:42.247Z [DEBUG  ] Route registered: POST /admin/products/{id:int}/edit (auth=required)
2026-06-17T17:48:42.247Z [DEBUG  ] Route registered: POST /admin/products/{id:int}/delete (auth=required)
2026-06-17T17:48:42.247Z [DEBUG  ] Loaded: src.routes.admin.products
2026-06-17T17:48:42.248Z [DEBUG  ] Route registered: GET /api/cart (auth=public)
2026-06-17T17:48:42.248Z [DEBUG  ] Route registered: POST /api/cart (auth=required)
2026-06-17T17:48:42.248Z [DEBUG  ] Route registered: GET /api/cart/count (auth=public)
2026-06-17T17:48:42.248Z [DEBUG  ] Loaded: src.routes.api.cart
2026-06-17T17:48:42.251Z [DEBUG  ] Route registered: GET /api/categories (auth=public)
2026-06-17T17:48:42.251Z [DEBUG  ] Loaded: src.routes.api.categories
2026-06-17T17:48:42.251Z [DEBUG  ] Route registered: GET /api/chat/history (auth=public)
2026-06-17T17:48:42.251Z [DEBUG  ] Loaded: src.routes.api.chat
2026-06-17T17:48:42.251Z [DEBUG  ] Route registered: GET /api/forex/rates (auth=public)
2026-06-17T17:48:42.252Z [DEBUG  ] Route registered: GET /api/forex/convert/{price}/{currency} (auth=public)
2026-06-17T17:48:42.252Z [DEBUG  ] Loaded: src.routes.api.forex
2026-06-17T17:48:42.252Z [DEBUG  ] Route registered: POST /api/graphql (auth=required)
2026-06-17T17:48:42.252Z [DEBUG  ] Loaded: src.routes.api.graphql
2026-06-17T17:48:42.252Z [DEBUG  ] Route registered: GET /api/locale/{lang} (auth=public)
2026-06-17T17:48:42.252Z [DEBUG  ] Loaded: src.routes.api.i18n
2026-06-17T17:48:42.252Z [DEBUG  ] Route registered: GET /api/orders (auth=public)
2026-06-17T17:48:42.252Z [DEBUG  ] Route registered: GET /api/orders/{id:int} (auth=public)
2026-06-17T17:48:42.253Z [DEBUG  ] Loaded: src.routes.api.orders
2026-06-17T17:48:42.253Z [DEBUG  ] Route registered: GET /api/products (auth=public)
2026-06-17T17:48:42.253Z [DEBUG  ] Route registered: GET /api/products/{id:int} (auth=public)
2026-06-17T17:48:42.253Z [DEBUG  ] Loaded: src.routes.api.products
2026-06-17T17:48:42.253Z [DEBUG  ] Route registered: POST /api/upload/product-image (auth=required)
2026-06-17T17:48:42.253Z [DEBUG  ] Loaded: src.routes.api.upload
2026-06-17T17:48:42.253Z [DEBUG  ] WebSocket route registered: /ws/orders
2026-06-17T17:48:42.253Z [DEBUG  ] WebSocket route registered: /ws/chat
2026-06-17T17:48:42.253Z [DEBUG  ] Loaded: src.routes.api.ws
2026-06-17T17:48:42.254Z [DEBUG  ] Route registered: GET /api/soap/orders (auth=public)
2026-06-17T17:48:42.254Z [DEBUG  ] Route registered: POST /api/soap/orders (auth=required)
2026-06-17T17:48:42.254Z [DEBUG  ] Loaded: src.routes.api.wsdl
2026-06-17T17:48:42.254Z [DEBUG  ] Route registered: GET /login (auth=public)
2026-06-17T17:48:42.254Z [DEBUG  ] Route registered: POST /login (auth=required)
2026-06-17T17:48:42.254Z [DEBUG  ] Route registered: GET /register (auth=public)
2026-06-17T17:48:42.254Z [DEBUG  ] Route registered: POST /register (auth=required)
2026-06-17T17:48:42.254Z [DEBUG  ] Route registered: GET /logout (auth=public)
2026-06-17T17:48:42.254Z [DEBUG  ] Loaded: src.routes.auth
2026-06-17T17:48:42.255Z [DEBUG  ] Route registered: GET /cart (auth=public)
2026-06-17T17:48:42.255Z [DEBUG  ] Route registered: POST /cart/add (auth=required)
2026-06-17T17:48:42.255Z [DEBUG  ] Route registered: POST /cart/update (auth=required)
2026-06-17T17:48:42.255Z [DEBUG  ] Route registered: POST /cart/remove (auth=required)
2026-06-17T17:48:42.255Z [DEBUG  ] Loaded: src.routes.cart
2026-06-17T17:48:42.255Z [DEBUG  ] Route registered: GET /checkout (auth=public)
2026-06-17T17:48:42.255Z [DEBUG  ] Route registered: POST /checkout (auth=required)
2026-06-17T17:48:42.255Z [DEBUG  ] Loaded: src.routes.checkout
2026-06-17T17:48:42.256Z [DEBUG  ] Route registered: GET /contact (auth=public)
2026-06-17T17:48:42.256Z [DEBUG  ] Route registered: POST /contact (auth=required)
2026-06-17T17:48:42.256Z [DEBUG  ] Loaded: src.routes.contact
2026-06-17T17:48:42.257Z [DEBUG  ] Route registered: GET / (auth=public)
2026-06-17T17:48:42.257Z [DEBUG  ] Loaded: src.routes.index
2026-06-17T17:48:42.257Z [DEBUG  ] Route registered: GET /products (auth=public)
2026-06-17T17:48:42.257Z [DEBUG  ] Route registered: GET /products/{slug} (auth=public)
2026-06-17T17:48:42.257Z [DEBUG  ] Loaded: src.routes.products
2026-06-17T17:48:42.258Z [INFO   ] Discovered 59 routes
2026-06-17T17:48:42.258Z [INFO   ] Server started http://localhost:7146 (asyncio)
2026-06-17T17:48:42.258Z [INFO   ] Test port: http://localhost:8146 (stable — no hot-reload)
2026-06-17T17:48:42.259Z [INFO   ] Development server: asyncio
2026-06-17T17:48:52.613Z [INFO   ] [ea0d3bcf] GET / -> 200 (7483.264ms)
2026-06-17T17:48:52.688Z [INFO   ] [651ae20b] Shutting down gracefully...
2026-06-17T17:48:52.688Z [INFO   ] [651ae20b] Server stopped.
2026-06-17T19:31:03.427Z [DEBUG  ] Loaded: src.app.constants
2026-06-17T19:31:03.427Z [DEBUG  ] Loaded: src.app.services.cart_service
2026-06-17T19:31:03.428Z [DEBUG  ] Loaded: src.middleware.request_logger
2026-06-17T19:31:03.429Z [DEBUG  ] Loaded: src.orm.cart_item
2026-06-17T19:31:03.432Z [DEBUG  ] Route registered: GET /account (auth=public)
2026-06-17T19:31:03.432Z [DEBUG  ] Route registered: GET /account/orders/{id:int} (auth=public)
2026-06-17T19:31:03.433Z [DEBUG  ] Loaded: src.routes.account
2026-06-17T19:31:03.433Z [DEBUG  ] Route registered: GET /admin/categories (auth=public)
2026-06-17T19:31:03.434Z [DEBUG  ] Route registered: POST /admin/categories (auth=required)
2026-06-17T19:31:03.434Z [DEBUG  ] Loaded: src.routes.admin.categories
2026-06-17T19:31:03.434Z [DEBUG  ] Route registered: GET /admin (auth=public)
2026-06-17T19:31:03.436Z [DEBUG  ] Loaded: src.routes.admin.dashboard
2026-06-17T19:31:03.436Z [DEBUG  ] Route registered: GET /admin/helpdesk (auth=public)
2026-06-17T19:31:03.436Z [DEBUG  ] Loaded: src.routes.admin.helpdesk
2026-06-17T19:31:03.437Z [DEBUG  ] Route registered: GET /admin/orders (auth=public)
2026-06-17T19:31:03.437Z [DEBUG  ] Route registered: GET /admin/orders/{id:int} (auth=public)
2026-06-17T19:31:03.437Z [DEBUG  ] Route registered: POST /admin/orders/{id:int}/status (auth=required)
2026-06-17T19:31:03.437Z [DEBUG  ] Loaded: src.routes.admin.orders
2026-06-17T19:31:03.437Z [DEBUG  ] Route registered: GET /admin/products (auth=public)
2026-06-17T19:31:03.437Z [DEBUG  ] Route registered: POST /admin/products (auth=required)
2026-06-17T19:31:03.438Z [DEBUG  ] Route registered: GET /admin/products/{id:int}/edit (auth=public)
2026-06-17T19:31:03.438Z [DEBUG  ] Route registered: POST /admin/products/{id:int}/edit (auth=required)
2026-06-17T19:31:03.438Z [DEBUG  ] Route registered: POST /admin/products/{id:int}/delete (auth=required)
2026-06-17T19:31:03.438Z [DEBUG  ] Loaded: src.routes.admin.products
2026-06-17T19:31:03.438Z [DEBUG  ] Route registered: GET /api/cart (auth=public)
2026-06-17T19:31:03.439Z [DEBUG  ] Route registered: POST /api/cart (auth=required)
2026-06-17T19:31:03.439Z [DEBUG  ] Route registered: GET /api/cart/count (auth=public)
2026-06-17T19:31:03.439Z [DEBUG  ] Loaded: src.routes.api.cart
2026-06-17T19:31:03.441Z [DEBUG  ] Route registered: GET /api/categories (auth=public)
2026-06-17T19:31:03.441Z [DEBUG  ] Loaded: src.routes.api.categories
2026-06-17T19:31:03.442Z [DEBUG  ] Route registered: GET /api/chat/history (auth=public)
2026-06-17T19:31:03.442Z [DEBUG  ] Loaded: src.routes.api.chat
2026-06-17T19:31:03.442Z [DEBUG  ] Route registered: GET /api/forex/rates (auth=public)
2026-06-17T19:31:03.442Z [DEBUG  ] Route registered: GET /api/forex/convert/{price}/{currency} (auth=public)
2026-06-17T19:31:03.442Z [DEBUG  ] Loaded: src.routes.api.forex
2026-06-17T19:31:03.442Z [DEBUG  ] Route registered: POST /api/graphql (auth=required)
2026-06-17T19:31:03.442Z [DEBUG  ] Loaded: src.routes.api.graphql
2026-06-17T19:31:03.443Z [DEBUG  ] Route registered: GET /api/locale/{lang} (auth=public)
2026-06-17T19:31:03.443Z [DEBUG  ] Loaded: src.routes.api.i18n
2026-06-17T19:31:03.443Z [DEBUG  ] Route registered: GET /api/orders (auth=public)
2026-06-17T19:31:03.443Z [DEBUG  ] Route registered: GET /api/orders/{id:int} (auth=public)
2026-06-17T19:31:03.443Z [DEBUG  ] Loaded: src.routes.api.orders
2026-06-17T19:31:03.443Z [DEBUG  ] Route registered: GET /api/products (auth=public)
2026-06-17T19:31:03.443Z [DEBUG  ] Route registered: GET /api/products/{id:int} (auth=public)
2026-06-17T19:31:03.444Z [DEBUG  ] Loaded: src.routes.api.products
2026-06-17T19:31:03.444Z [DEBUG  ] Route registered: POST /api/upload/product-image (auth=required)
2026-06-17T19:31:03.444Z [DEBUG  ] Loaded: src.routes.api.upload
2026-06-17T19:31:03.444Z [DEBUG  ] WebSocket route registered: /ws/orders
2026-06-17T19:31:03.444Z [DEBUG  ] WebSocket route registered: /ws/chat
2026-06-17T19:31:03.444Z [DEBUG  ] Loaded: src.routes.api.ws
2026-06-17T19:31:03.445Z [DEBUG  ] Route registered: GET /api/soap/orders (auth=public)
2026-06-17T19:31:03.445Z [DEBUG  ] Route registered: POST /api/soap/orders (auth=required)
2026-06-17T19:31:03.445Z [DEBUG  ] Loaded: src.routes.api.wsdl
2026-06-17T19:31:03.445Z [DEBUG  ] Route registered: GET /login (auth=public)
2026-06-17T19:31:03.445Z [DEBUG  ] Route registered: POST /login (auth=required)
2026-06-17T19:31:03.445Z [DEBUG  ] Route registered: GET /register (auth=public)
2026-06-17T19:31:03.445Z [DEBUG  ] Route registered: POST /register (auth=required)
2026-06-17T19:31:03.445Z [DEBUG  ] Route registered: GET /logout (auth=public)
2026-06-17T19:31:03.445Z [DEBUG  ] Loaded: src.routes.auth
2026-06-17T19:31:03.445Z [DEBUG  ] Route registered: GET /cart (auth=public)
2026-06-17T19:31:03.446Z [DEBUG  ] Route registered: POST /cart/add (auth=required)
2026-06-17T19:31:03.446Z [DEBUG  ] Route registered: POST /cart/update (auth=required)
2026-06-17T19:31:03.446Z [DEBUG  ] Route registered: POST /cart/remove (auth=required)
2026-06-17T19:31:03.446Z [DEBUG  ] Loaded: src.routes.cart
2026-06-17T19:31:03.446Z [DEBUG  ] Route registered: GET /checkout (auth=public)
2026-06-17T19:31:03.446Z [DEBUG  ] Route registered: POST /checkout (auth=required)
2026-06-17T19:31:03.446Z [DEBUG  ] Loaded: src.routes.checkout
2026-06-17T19:31:03.447Z [DEBUG  ] Route registered: GET /contact (auth=public)
2026-06-17T19:31:03.447Z [DEBUG  ] Route registered: POST /contact (auth=required)
2026-06-17T19:31:03.447Z [DEBUG  ] Loaded: src.routes.contact
2026-06-17T19:31:03.448Z [DEBUG  ] Route registered: GET / (auth=public)
2026-06-17T19:31:03.448Z [DEBUG  ] Loaded: src.routes.index
2026-06-17T19:31:03.448Z [DEBUG  ] Route registered: GET /products (auth=public)
2026-06-17T19:31:03.448Z [DEBUG  ] Route registered: GET /products/{slug} (auth=public)
2026-06-17T19:31:03.449Z [DEBUG  ] Loaded: src.routes.products
2026-06-17T19:31:03.449Z [INFO   ] Discovered 59 routes
2026-06-17T19:31:03.449Z [INFO   ] Server started http://localhost:7146 (asyncio)
2026-06-17T19:31:03.449Z [INFO   ] Test port: http://localhost:8146 (stable — no hot-reload)
2026-06-17T19:31:03.450Z [INFO   ] Development server: asyncio
2026-06-17T19:31:09.536Z [INFO   ] [c2f1d237] GET / -> 200 (3167.323ms)
2026-06-17T19:31:11.685Z [INFO   ] [c8337c8a] GET / -> 200 (2134.882ms)
2026-06-17T19:31:12.170Z [INFO   ] [fde5b7ec] GET /css/tina4.min.css -> 200 (2.725ms)
2026-06-17T19:31:12.171Z [INFO   ] [673a1689] GET /css/store.css -> 200 (0.309ms)
2026-06-17T19:31:12.172Z [INFO   ] [b3c75b45] GET /js/frond.min.js -> 200 (0.362ms)
2026-06-17T19:31:12.172Z [INFO   ] [bb53f04b] GET /js/tina4js.min.js -> 200 (0.245ms)
2026-06-17T19:31:12.173Z [INFO   ] [84110fd6] GET /js/store.js -> 200 (0.229ms)
2026-06-17T19:31:12.184Z [INFO   ] [b2546853] GET /uploads/placeholder-2.svg -> 200 (0.544ms)
2026-06-17T19:31:12.185Z [INFO   ] [a0b60eaf] GET /uploads/placeholder-3.svg -> 200 (0.373ms)
2026-06-17T19:31:12.187Z [INFO   ] [3f66bb75] GET /uploads/placeholder-4.svg -> 200 (0.221ms)
2026-06-17T19:31:12.188Z [INFO   ] [205933e9] GET /uploads/placeholder-5.svg -> 200 (0.339ms)
2026-06-17T19:31:12.201Z [INFO   ] [205933e9] Shutting down gracefully...
2026-06-17T19:31:12.202Z [INFO   ] [205933e9] Server stopped.
2026-07-08T09:05:36.696Z [INFO   ] [d54df7dd] Shutting down gracefully...
2026-07-08T09:20:29.542Z [INFO   ] [d54df7dd] Shutting down gracefully...
2026-07-08T09:21:09.058Z [INFO   ] [d54df7dd] Shutting down gracefully...
2026-07-08T09:29:15.986Z [INFO   ] [d54df7dd] Shutting down gracefully...
2026-07-08T09:40:26.077Z [INFO   ] [d54df7dd] Shutting down gracefully...
2026-07-08T09:40:58.583Z [INFO   ] [d54df7dd] Shutting down gracefully...
2026-07-08T09:41:23.069Z [INFO   ] [d54df7dd] Shutting down gracefully...
2026-07-08T09:43:57.542Z [INFO   ] [d54df7dd] Shutting down gracefully...
2026-07-08T09:49:19.329Z [INFO   ] [d54df7dd] Shutting down gracefully...
2026-07-08T09:49:57.763Z [INFO   ] [d54df7dd] Shutting down gracefully...
2026-07-08T09:50:28.885Z [INFO   ] [d54df7dd] Shutting down gracefully...
2026-07-08T10:21:30.031Z [INFO   ] [d54df7dd] Shutting down gracefully...
2026-07-08T10:28:11.277Z [INFO   ] [d54df7dd] Shutting down gracefully...
2026-07-08T10:31:14.268Z [INFO   ] [d54df7dd] Shutting down gracefully...
